// Vitest Snapshot v1, https://vitest.dev/guide/snapshot.html

exports[`App > renders headline 1`] = `
<DocumentFragment>
  <div
    class="App"
  >
    <nav>
      <span>
        Home
      </span>
      |
      <a
        href="/counter/1"
      >
        Counter 1
      </a>
      |
      <a
        href="/counter/2"
      >
        Counter 2
      </a>
    </nav>
    <h3>
      Vite + React
    </h3>
  </div>
</DocumentFragment>
`;
